// Jest Snapshot v1, https://goo.gl/fbAQLP

exports[`SpecBase TerraformDependencyAspect throws on circular dependencies 1`] = `
"{
  "resource": {
    "test_resource": {
      "ResourceA": {
        "depends_on": [
          "test_resource.ResourceB"
        ]
      },
      "ResourceB": {
        "depends_on": [
          "test_resource.ResourceA"
        ]
      }
    }
  },
  "terraform": {
    "backend": {
      "http": {
        "address": "http://localhost:3000"
      }
    }
  }
}"
`;
