// Jest Snapshot v1, https://goo.gl/fbAQLP

exports[`DnsZone Create should synth and match SnapShot 1`] = `
"{
  "data": {
    "aws_caller_identity": {
      "CallerIdentity": {
        "provider": "aws"
      }
    },
    "aws_cloudfront_cache_policy": {
      "HelloWorldDistribution_Managed-CachingOptimized_E039BAC9": {
        "name": "Managed-CachingOptimized"
      }
    },
    "aws_partition": {
      "Partitition": {
        "provider": "aws"
      }
    }
  },
  "provider": {
    "aws": [
      {
        "region": "us-east-1"
      }
    ]
  },
  "resource": {
    "aws_cloudfront_distribution": {
      "HelloWorldDistribution_E7735130": {
        "default_cache_behavior": {
          "allowed_methods": [
            "GET",
            "HEAD"
          ],
          "cache_policy_id": "\${data.aws_cloudfront_cache_policy.HelloWorldDistribution_Managed-CachingOptimized_E039BAC9.id}",
          "cached_methods": [
            "GET",
            "HEAD"
          ],
          "compress": true,
          "target_origin_id": "origin-0",
          "viewer_protocol_policy": "allow-all"
        },
        "enabled": true,
        "http_version": "http2",
        "origin": [
          {
            "custom_origin_config": {
              "http_port": 80,
              "https_port": 443,
              "origin_protocol_policy": "http-only",
              "origin_ssl_protocols": [
                "TLSv1.2"
              ]
            },
            "domain_name": "\${aws_s3_bucket_website_configuration.HelloWorld_WebsiteConfig_72ADC681.website_domain}",
            "origin_id": "origin-0"
          }
        ],
        "restrictions": {
          "geo_restriction": {
            "restriction_type": "none"
          }
        },
        "tags": {
          "Name": "Test-HelloWorldDistribution",
          "et:grid:EnvironmentName": "Test",
          "et:grid:UUID": "123e4567-e89b-12d3"
        },
        "viewer_certificate": {
          "cloudfront_default_certificate": true,
          "minimum_protocol_version": "TLSv1.2_2021",
          "ssl_support_method": "sni-only"
        }
      }
    },
    "aws_route53_record": {
      "ARecordApex_4007AC3B": {
        "name": "example.com",
        "records": [
          "123.123.123.0"
        ],
        "ttl": 1800,
        "type": "A",
        "zone_id": "\${aws_route53_zone.Zone_A5DE4B68.id}"
      },
      "ARecordBar_E8DD967F": {
        "name": "bar.example.com.",
        "records": [
          "123.123.123.0"
        ],
        "ttl": 1800,
        "type": "A",
        "zone_id": "\${aws_route53_zone.Zone_A5DE4B68.id}"
      },
      "BucketAlias_65CAA1B8": {
        "alias": {
          "evaluate_target_health": true,
          "name": "\${aws_s3_bucket_website_configuration.HelloWorld_WebsiteConfig_72ADC681.website_domain}",
          "zone_id": "\${aws_s3_bucket.HelloWorld_7964D1E8.hosted_zone_id}"
        },
        "name": "hello-world-bucket.example.com.",
        "type": "A",
        "zone_id": "\${aws_route53_zone.Zone_A5DE4B68.id}"
      },
      "CdnAlias_49D721F7": {
        "alias": {
          "evaluate_target_health": false,
          "name": "\${aws_cloudfront_distribution.HelloWorldDistribution_E7735130.domain_name}",
          "zone_id": "\${aws_cloudfront_distribution.HelloWorldDistribution_E7735130.hosted_zone_id}"
        },
        "name": "hello-world-cdn.example.com.",
        "type": "A",
        "zone_id": "\${aws_route53_zone.Zone_A5DE4B68.id}"
      },
      "LatencyA_666BB232": {
        "latency_routing_policy": {
          "region": "us-east-1"
        },
        "name": "latency.example.com.",
        "records": [
          "123.123.123.0"
        ],
        "set_identifier": "REGION_us-east-1_ID_TestSpecLatencyAC2C47149",
        "ttl": 1800,
        "type": "A",
        "zone_id": "\${aws_route53_zone.Zone_A5DE4B68.id}"
      },
      "LatencyB_70E13E03": {
        "latency_routing_policy": {
          "region": "ap-southeast-1"
        },
        "name": "latency.example.com.",
        "records": [
          "123.123.123.0"
        ],
        "set_identifier": "REGION_ap-southeast-1_ID_TestSpecLatencyB1684E7FC",
        "ttl": 1800,
        "type": "A",
        "zone_id": "\${aws_route53_zone.Zone_A5DE4B68.id}"
      },
      "WeightedA_854285E6": {
        "name": "weighted.example.com.",
        "records": [
          "123.123.123.0"
        ],
        "set_identifier": "WEIGHT_80_ID_TestSpecWeightedA1919BFB1",
        "ttl": 1800,
        "type": "A",
        "weighted_routing_policy": {
          "weight": 80
        },
        "zone_id": "\${aws_route53_zone.Zone_A5DE4B68.id}"
      },
      "WeightedB_F7EC4E4E": {
        "name": "weighted.example.com.",
        "records": [
          "123.123.123.0"
        ],
        "set_identifier": "WEIGHT_20_ID_TestSpecWeightedB556753EE",
        "ttl": 1800,
        "type": "A",
        "weighted_routing_policy": {
          "weight": 20
        },
        "zone_id": "\${aws_route53_zone.Zone_A5DE4B68.id}"
      }
    },
    "aws_route53_zone": {
      "Zone_A5DE4B68": {
        "name": "example.com.",
        "tags": {
          "Name": "Test-Zone",
          "et:grid:EnvironmentName": "Test",
          "et:grid:UUID": "123e4567-e89b-12d3"
        }
      }
    },
    "aws_s3_bucket": {
      "HelloWorld_7964D1E8": {
        "bucket_prefix": "123e4567-e89b-12d3-hello-world",
        "tags": {
          "Name": "Test-HelloWorld",
          "et:grid:EnvironmentName": "Test",
          "et:grid:UUID": "123e4567-e89b-12d3"
        }
      }
    },
    "aws_s3_bucket_website_configuration": {
      "HelloWorld_WebsiteConfig_72ADC681": {
        "bucket": "\${aws_s3_bucket.HelloWorld_7964D1E8.bucket}",
        "index_document": {
          "suffix": "index.html"
        }
      }
    }
  },
  "terraform": {
    "backend": {
      "http": {
        "address": "http://localhost:3000"
      }
    },
    "required_providers": {
      "aws": {
        "source": "aws",
        "version": "5.68.0"
      }
    }
  }
}"
`;

exports[`DnsZone Import should synth and match SnapShot 1`] = `
"{
  "data": {
    "aws_caller_identity": {
      "CallerIdentity": {
        "provider": "aws"
      }
    },
    "aws_partition": {
      "Partitition": {
        "provider": "aws"
      }
    },
    "aws_route53_zone": {
      "Zone_A5DE4B68": {
        "zone_id": "Z1234567890"
      }
    }
  },
  "provider": {
    "aws": [
      {
        "region": "us-east-1"
      }
    ]
  },
  "resource": {
    "aws_route53_record": {
      "ARecordApex_4007AC3B": {
        "name": "\${data.aws_route53_zone.Zone_A5DE4B68.name}",
        "records": [
          "123.123.123.0"
        ],
        "ttl": 1800,
        "type": "A",
        "zone_id": "Z1234567890"
      },
      "ARecordBar_E8DD967F": {
        "name": "bar",
        "records": [
          "123.123.123.0"
        ],
        "ttl": 1800,
        "type": "A",
        "zone_id": "Z1234567890"
      }
    }
  },
  "terraform": {
    "backend": {
      "http": {
        "address": "http://localhost:3000"
      }
    },
    "required_providers": {
      "aws": {
        "source": "aws",
        "version": "5.68.0"
      }
    }
  }
}"
`;
